
> my-food-app@0.1.0 build
> react-scripts build

Creating an optimized production build...
Compiled with warnings.

[eslint] 
src\components\MyOrdersModal.js
  Line 3:18:  'AnimatePresence' is defined but never used  no-unused-vars

src\components\Sidebar.js
  Line 6:36:  'MdOutlineKitchen' is defined but never used  no-unused-vars

src\components\SpecialOffers.js
  Line 21:8:  React Hook useEffect has a missing dependency: 'fetchOffers'. Either include it or remove the dependency array  react-hooks/exhaustive-deps

src\pages\MenuManagerPage.js
  Line 16:8:  React Hook useEffect has a missing dependency: 'loadItems'. Either include it or remove the dependency array  react-hooks/exhaustive-deps

src\pages\MenuPage.js
  Line 7:8:    'DishCard' is defined but never used                  no-unused-vars
  Line 31:26:  'setOrderSuccess' is assigned a value but never used  no-unused-vars

src\pages\SettingsPage.js
  Line 17:8:  React Hook useEffect has a missing dependency: 'loadRestaurant'. Either include it or remove the dependency array  react-hooks/exhaustive-deps

Search for the keywords to learn more about each warning.
To ignore, add // eslint-disable-next-line to the line before.

File sizes after gzip:

  200.84 kB  build\static\js\main.4cc0b968.js
  9.26 kB    build\static\css\main.87ed105b.css

The project was built assuming it is hosted at /.
You can control this with the homepage field in your package.json.

The build folder is ready to be deployed.
You may serve it with a static server:

  npm install -g serve
  serve -s build

Find out more about deployment here:

  https://cra.link/deployment

